// Jest Snapshot v1, https://goo.gl/fbAQLP

exports[`Dialog Should renders without problems 1`] = `
<WithTheme(Dialog)
  buttons={
    Array [
      Object {
        "children": "Отменить изменения",
        "onClick": [Function],
      },
      Object {
        "children": "Сохранить изменения",
        "onClick": [Function],
      },
    ]
  }
  content={
    <div>
      Вы изменили настройки учетной записи.
      <br />
      Вы уверены, что хотите не сохранять их?
    </div>
  }
  isOpen={true}
  title="Изменение настроек"
>
  <Dialog
    buttons={
      Array [
        Object {
          "children": "Отменить изменения",
          "onClick": [Function],
        },
        Object {
          "children": "Сохранить изменения",
          "onClick": [Function],
        },
      ]
    }
    content={
      <div>
        Вы изменили настройки учетной записи.
        <br />
        Вы уверены, что хотите не сохранять их?
      </div>
    }
    isOpen={true}
    theme={
      Object {
        "Tooltip": Object {},
      }
    }
    title="Изменение настроек"
  >
    <Overlay
      onClick={[Function]}
      show={true}
    >
      <div
        className="Overlay-cLWomM bBOcnm"
        onClick={[Function]}
      >
        <Wrap>
          <div
            className="Wrap-gIyiIM ebcgBl"
          >
            <Header>
              <div
                className="Header-dJBcYZ gZLzgG"
              >
                Изменение настроек
              </div>
            </Header>
            <Content>
              <div
                className="Content-ezcNVe kzumwZ"
              >
                <div>
                  Вы изменили настройки учетной записи.
                  <br />
                  Вы уверены, что хотите не сохранять их?
                </div>
              </div>
            </Content>
            <ButtonsWrap>
              <div
                className="ButtonsWrap-fcLPRt cnxDln"
              >
                <Button
                  key="0"
                  onClick={[Function]}
                >
                  <div
                    className="Button-hYXUXp izzgeW"
                    onClick={[Function]}
                  >
                    Отменить изменения
                  </div>
                </Button>
                <Button
                  key="1"
                  onClick={[Function]}
                >
                  <div
                    className="Button-hYXUXp izzgeW"
                    onClick={[Function]}
                  >
                    Сохранить изменения
                  </div>
                </Button>
              </div>
            </ButtonsWrap>
          </div>
        </Wrap>
      </div>
    </Overlay>
  </Dialog>
</WithTheme(Dialog)>
`;
